version: '3'
services:
    service:
        image: app-image
